// Jest Snapshot v1, https://goo.gl/fbAQLP

exports[`The appearance of the SmallPrintComponent footer Matches the SmallPrintComponent snapshot 1`] = `
<footer
  className="footer"
>
  <p
    className="disclaimer"
  >
    All images are property of ASOS.com. This site is not intended for any commercial purpose.
  </p>
  <p
    className="name"
  >
    Made with love, hard work, sweat and tears. Rory Hellier 2021Â©
  </p>
</footer>
`;
