// Jest Snapshot v1, https://goo.gl/fbAQLP

exports[`The appearance of the ProductListImageComponent Matches the ProductListImageComponent snapshot 1`] = `
<div
  className="productListImage"
>
  <img
    alt=""
    src="thisIsAnImageURL"
  />
</div>
`;
