// Jest Snapshot v1, https://goo.gl/fbAQLP

exports[`The appearance of the ProductPageNavbarComponent Matches the ProductPageNavbarComponent snapshot 1`] = `
<div
  className="navbarContainer"
>
  <div
    className="navbarLink"
  >
    <a
      href="/"
    >
      ·êä Back
    </a>
  </div>
  <div
    className="navbarTitle"
  >
    <h1>
      Clothes Inc.
    </h1>
  </div>
</div>
`;
